// Jest Snapshot v1, https://goo.gl/fbAQLP

exports[`CookieBannerContent component should be rendered 1`] = `
<div
  className="react-cookie-law-dialog "
  style={
    Object {
      "backgroundColor": "#f8f7f7",
      "left": 0,
      "padding": "10px",
      "position": "fixed",
      "right": 0,
      "top": 0,
      "zIndex": 100000,
    }
  }
>
  <div
    className="react-cookie-law-container"
    style={
      Object {
        "marginLeft": "auto",
        "marginRight": "auto",
        "maxWidth": "960px",
        "overflow": "hidden",
      }
    }
  >
    <div
      className="react-cookie-law-msg"
      style={
        Object {
          "color": "#000000",
          "fontSize": "10pt",
          "fontWeight": 400,
          "lineHeight": "130%",
          "minHeight": "32px",
          "padding": "10px 0",
        }
      }
    >
      Custom text
    </div>
    <a
      className="react-cookie-law-policy"
      href="/#"
      style={
        Object {
          "color": "#000000",
          "fontSize": "10pt",
          "marginLeft": "10px",
          "textDecoration": "underline",
        }
      }
    >
      Privacy Policy
    </a>
    <div
      className="react-cookie-law-button-wrapper"
      style={
        Object {
          "float": "right",
        }
      }
    >
      <button
        className="react-cookie-law-manage-btn"
        onClick={[Function]}
        style={
          Object {
            "backgroundColor": "#000000",
            "color": "#ffffff",
            "cursor": "pointer",
            "display": "inline-block",
            "fontSize": "10pt",
            "fontWeight": 400,
            "marginLeft": "5px",
            "marginRight": "5px",
            "minWidth": "80px",
            "padding": "3px",
            "textAlign": "center",
            "textDecoration": "none",
            "whiteSpace": "nowrap",
          }
        }
        type="button"
      >
        <span>
          Mange my cookies
        </span>
      </button>
      <button
        className="react-cookie-law-accept-btn"
        onClick={[Function]}
        style={
          Object {
            "backgroundColor": "#000000",
            "color": "#ffffff",
            "cursor": "pointer",
            "display": "inline-block",
            "fontSize": "10pt",
            "fontWeight": 400,
            "marginLeft": "5px",
            "marginRight": "5px",
            "minWidth": "80px",
            "padding": "3px",
            "textAlign": "center",
            "textDecoration": "none",
            "whiteSpace": "nowrap",
          }
        }
        type="button"
      >
        <span>
          Accept all
        </span>
      </button>
    </div>
  </div>
</div>
`;
