// Jest Snapshot v1, https://goo.gl/fbAQLP

exports[`CookieOption component should be rendered 1`] = `
<div
  className="react-cookie-law-option-wrapper"
>
  <input
    checked={false}
    className="react-cookie-law-option-checkbox"
    id="check-required-cookies"
    onChange={[Function]}
    type="checkbox"
  />
  <label
    htmlFor="check-required-cookies"
  >
    Necessary
  </label>
</div>
`;
