// Jest Snapshot v1, https://goo.gl/fbAQLP

exports[`CookieBanner component should be rendered 1`] = `
<CookieBannerContent
  message="Text"
  onAcceptAll={[Function]}
  onConfirm={[Function]}
  onDecline={[Function]}
  onToggleMarketingCookies={[Function]}
  onTogglePreferencesCookies={[Function]}
  onToggleStatisticsCookies={[Function]}
/>
`;
